exports[`decorateFirmwareDialog should render component 1`] = `<div />`;
