exports[`decorateLogEntry should render component 1`] = `<div />`;
