exports[`decorateLogHeaderButton should render component 1`] = `<div />`;
