exports[`decorateLogViewer should render component 1`] = `<div />`;
