exports[`decorateNavBar should render component 1`] = `<div />`;
