exports[`decorateNavMenuItem should render component 1`] = `<div />`;
