exports[`decorateSerialPortSelectorItem should render component 1`] = `<div />`;
