exports[`decorateSerialPortSelector should render component 1`] = `<div />`;
